// Jest Snapshot v1, https://goo.gl/fbAQLP

exports[`schema nodes Root can build entire module 1`] = `
"import XAPI from \\"jsxapi\\";


export class TypedXAPI extends XAPI {}

export default TypedXAPI;

export interface TypedXAPI {
  Command: CommandTree;
  Config: ConfigTree;
}


export interface CommandTree {
  Audio: {
    Microphones: {
      Mute(): Promise<any>,
    },
  };
  Dial(): Promise<any>;
}

export interface ConfigTree {
  SystemUnit: {
    Name: {
      get(): Promise<string>,
      set(args: string): Promise<any>,
    },
  };
}"
`;
