// Jest Snapshot v1, https://goo.gl/fbAQLP

exports[`schema nodes Root can build entire module 1`] = `
"import XAPI from \\"jsxapi\\";

export class TypedXAPI extends XAPI {}

export default TypedXAPI;

export interface TypedXAPI {
  Command: CommandTree;
  Config: ConfigTree;
  Status: StatusTree;
} 

export interface CommandTree {
  Audio: {
    Microphones: {
      Mute(): Promise<any>,
    },
    Sound: {
      Play(args: AudioPlayArgs): Promise<any>,
    },
  };
  Dial(args: DialArgs): Promise<any>;
}

export interface ConfigTree {
  SystemUnit: {
    Name: {
      get(): Promise<string>,
      set(args: string): Promise<any>,
    },
  };
}

export interface StatusTree {
  Audio: {
    Volume: {
      get(): Promise<number>,
    },
  };
}

export interface AudioPlayArgs {
  Sound: Alert | Busy | CallInitiate;
  Loop?: On | Off;
}

export interface DialArgs {
  Number: string;
}"
`;
